dfgbdgdgthdf
!!!!!!!!
sdcsfs
